[2020-03-19T10:06:28.052+0800][gc,heap] Heap region size: 1M
[2020-03-19T10:06:28.060+0800][gc     ] Using G1
[2020-03-19T10:06:28.060+0800][gc,heap,coops] Heap address: 0x00000007c0000000, size: 1024 MB, Compressed Oops mode: Zero based, Oop shift amount: 3
[2020-03-19T10:06:28.061+0800][gc,cds       ] Mark closed archive regions in map: [0x00000007fff00000, 0x00000007fff6fff8]
[2020-03-19T10:06:28.061+0800][gc,cds       ] Mark open archive regions in map: [0x00000007ffe00000, 0x00000007ffe47ff8]
[2020-03-19T10:06:28.075+0800][gc           ] Periodic GC disabled
[2020-03-19T10:06:29.822+0800][gc,start     ] GC(0) Pause Young (Normal) (G1 Evacuation Pause)
[2020-03-19T10:06:29.822+0800][gc,task      ] GC(0) Using 4 workers of 4 for evacuation
[2020-03-19T10:06:29.833+0800][gc,phases    ] GC(0)   Pre Evacuate Collection Set: 0.0ms
[2020-03-19T10:06:29.833+0800][gc,phases    ] GC(0)   Evacuate Collection Set: 10.3ms
[2020-03-19T10:06:29.833+0800][gc,phases    ] GC(0)   Post Evacuate Collection Set: 0.3ms
[2020-03-19T10:06:29.833+0800][gc,phases    ] GC(0)   Other: 0.3ms
[2020-03-19T10:06:29.833+0800][gc,heap      ] GC(0) Eden regions: 51->0(44)
[2020-03-19T10:06:29.833+0800][gc,heap      ] GC(0) Survivor regions: 0->7(7)
[2020-03-19T10:06:29.833+0800][gc,heap      ] GC(0) Old regions: 0->0
[2020-03-19T10:06:29.833+0800][gc,heap      ] GC(0) Archive regions: 2->2
[2020-03-19T10:06:29.833+0800][gc,heap      ] GC(0) Humongous regions: 0->0
[2020-03-19T10:06:29.833+0800][gc,metaspace ] GC(0) Metaspace: 15696K->15696K(1062912K)
[2020-03-19T10:06:29.833+0800][gc           ] GC(0) Pause Young (Normal) (G1 Evacuation Pause) 51M->6M(1024M) 11.062ms
[2020-03-19T10:06:29.833+0800][gc,cpu       ] GC(0) User=0.03s Sys=0.01s Real=0.01s
[2020-03-19T10:06:30.256+0800][gc,start     ] GC(1) Pause Young (Concurrent Start) (Metadata GC Threshold)
[2020-03-19T10:06:30.256+0800][gc,task      ] GC(1) Using 4 workers of 4 for evacuation
[2020-03-19T10:06:30.267+0800][gc,phases    ] GC(1)   Pre Evacuate Collection Set: 0.1ms
[2020-03-19T10:06:30.267+0800][gc,phases    ] GC(1)   Evacuate Collection Set: 10.7ms
[2020-03-19T10:06:30.267+0800][gc,phases    ] GC(1)   Post Evacuate Collection Set: 0.2ms
[2020-03-19T10:06:30.267+0800][gc,phases    ] GC(1)   Other: 0.2ms
[2020-03-19T10:06:30.267+0800][gc,heap      ] GC(1) Eden regions: 22->0(49)
[2020-03-19T10:06:30.267+0800][gc,heap      ] GC(1) Survivor regions: 7->2(7)
[2020-03-19T10:06:30.267+0800][gc,heap      ] GC(1) Old regions: 0->7
[2020-03-19T10:06:30.267+0800][gc,heap      ] GC(1) Archive regions: 2->2
[2020-03-19T10:06:30.267+0800][gc,heap      ] GC(1) Humongous regions: 129->129
[2020-03-19T10:06:30.267+0800][gc,metaspace ] GC(1) Metaspace: 20591K->20591K(1067008K)
[2020-03-19T10:06:30.267+0800][gc           ] GC(1) Pause Young (Concurrent Start) (Metadata GC Threshold) 157M->137M(1024M) 11.351ms
[2020-03-19T10:06:30.267+0800][gc,cpu       ] GC(1) User=0.03s Sys=0.01s Real=0.01s
[2020-03-19T10:06:30.267+0800][gc           ] GC(2) Concurrent Cycle
[2020-03-19T10:06:30.267+0800][gc,marking   ] GC(2) Concurrent Clear Claimed Marks
[2020-03-19T10:06:30.267+0800][gc,marking   ] GC(2) Concurrent Clear Claimed Marks 0.042ms
[2020-03-19T10:06:30.267+0800][gc,marking   ] GC(2) Concurrent Scan Root Regions
[2020-03-19T10:06:30.273+0800][gc,marking   ] GC(2) Concurrent Scan Root Regions 5.483ms
[2020-03-19T10:06:30.273+0800][gc,marking   ] GC(2) Concurrent Mark (2.229s)
[2020-03-19T10:06:30.273+0800][gc,marking   ] GC(2) Concurrent Mark From Roots
[2020-03-19T10:06:30.273+0800][gc,task      ] GC(2) Using 1 workers of 1 for marking
[2020-03-19T10:06:30.275+0800][gc,marking   ] GC(2) Concurrent Mark From Roots 2.048ms
[2020-03-19T10:06:30.275+0800][gc,marking   ] GC(2) Concurrent Preclean
[2020-03-19T10:06:30.275+0800][gc,marking   ] GC(2) Concurrent Preclean 0.034ms
[2020-03-19T10:06:30.275+0800][gc,marking   ] GC(2) Concurrent Mark (2.229s, 2.231s) 2.188ms
[2020-03-19T10:06:30.275+0800][gc,start     ] GC(2) Pause Remark
[2020-03-19T10:06:30.276+0800][gc,stringtable] GC(2) Cleaned string table, strings: 4910 processed, 0 removed
[2020-03-19T10:06:30.276+0800][gc            ] GC(2) Pause Remark 138M->138M(1024M) 1.064ms
[2020-03-19T10:06:30.276+0800][gc,cpu        ] GC(2) User=0.00s Sys=0.00s Real=0.00s
[2020-03-19T10:06:30.276+0800][gc,marking    ] GC(2) Concurrent Rebuild Remembered Sets
[2020-03-19T10:06:30.281+0800][gc,marking    ] GC(2) Concurrent Rebuild Remembered Sets 4.500ms
[2020-03-19T10:06:30.281+0800][gc,start      ] GC(2) Pause Cleanup
[2020-03-19T10:06:30.281+0800][gc            ] GC(2) Pause Cleanup 138M->138M(1024M) 0.122ms
[2020-03-19T10:06:30.281+0800][gc,cpu        ] GC(2) User=0.00s Sys=0.00s Real=0.00s
[2020-03-19T10:06:30.281+0800][gc,marking    ] GC(2) Concurrent Cleanup for Next Mark
[2020-03-19T10:06:30.292+0800][gc,marking    ] GC(2) Concurrent Cleanup for Next Mark 10.549ms
[2020-03-19T10:06:30.292+0800][gc            ] GC(2) Concurrent Cycle 24.817ms
[2020-03-19T10:06:31.080+0800][gc,start      ] GC(3) Pause Young (Normal) (G1 Evacuation Pause)
[2020-03-19T10:06:31.080+0800][gc,task       ] GC(3) Using 4 workers of 4 for evacuation
[2020-03-19T10:06:31.088+0800][gc,phases     ] GC(3)   Pre Evacuate Collection Set: 0.0ms
[2020-03-19T10:06:31.088+0800][gc,phases     ] GC(3)   Evacuate Collection Set: 6.5ms
[2020-03-19T10:06:31.088+0800][gc,phases     ] GC(3)   Post Evacuate Collection Set: 0.3ms
[2020-03-19T10:06:31.088+0800][gc,phases     ] GC(3)   Other: 0.2ms
[2020-03-19T10:06:31.088+0800][gc,heap       ] GC(3) Eden regions: 49->0(46)
[2020-03-19T10:06:31.088+0800][gc,heap       ] GC(3) Survivor regions: 2->5(7)
[2020-03-19T10:06:31.088+0800][gc,heap       ] GC(3) Old regions: 7->7
[2020-03-19T10:06:31.088+0800][gc,heap       ] GC(3) Archive regions: 2->2
[2020-03-19T10:06:31.088+0800][gc,heap       ] GC(3) Humongous regions: 129->129
[2020-03-19T10:06:31.088+0800][gc,metaspace  ] GC(3) Metaspace: 30151K->30151K(1077248K)
[2020-03-19T10:06:31.088+0800][gc            ] GC(3) Pause Young (Normal) (G1 Evacuation Pause) 186M->140M(1024M) 7.313ms
[2020-03-19T10:06:31.088+0800][gc,cpu        ] GC(3) User=0.02s Sys=0.00s Real=0.00s
[2020-03-19T11:18:35.426+0800][gc,start      ] GC(4) Pause Young (Normal) (G1 Evacuation Pause)
[2020-03-19T11:18:35.433+0800][gc,task       ] GC(4) Using 4 workers of 4 for evacuation
[2020-03-19T11:18:35.755+0800][gc,mmu        ] GC(4) MMU target violated: 21.0ms (20.0ms/21.0ms)
[2020-03-19T11:18:35.755+0800][gc,phases     ] GC(4)   Pre Evacuate Collection Set: 14.4ms
[2020-03-19T11:18:35.755+0800][gc,phases     ] GC(4)   Evacuate Collection Set: 283.7ms
[2020-03-19T11:18:35.755+0800][gc,phases     ] GC(4)   Post Evacuate Collection Set: 6.5ms
[2020-03-19T11:18:35.756+0800][gc,phases     ] GC(4)   Other: 36.1ms
[2020-03-19T11:18:35.756+0800][gc,heap       ] GC(4) Eden regions: 46->0(50)
[2020-03-19T11:18:35.756+0800][gc,heap       ] GC(4) Survivor regions: 5->1(7)
[2020-03-19T11:18:35.756+0800][gc,heap       ] GC(4) Old regions: 7->12
[2020-03-19T11:18:35.756+0800][gc,heap       ] GC(4) Archive regions: 2->2
[2020-03-19T11:18:35.756+0800][gc,heap       ] GC(4) Humongous regions: 129->129
[2020-03-19T11:18:35.756+0800][gc,metaspace  ] GC(4) Metaspace: 32128K->32128K(1079296K)
[2020-03-19T11:18:35.757+0800][gc            ] GC(4) Pause Young (Normal) (G1 Evacuation Pause) 186M->141M(1024M) 334.238ms
[2020-03-19T11:18:35.757+0800][gc,cpu        ] GC(4) User=0.03s Sys=0.18s Real=0.33s
