[2020-03-19T10:06:05.481+0800][gc,heap] Heap region size: 1M
[2020-03-19T10:06:05.486+0800][gc     ] Using G1
[2020-03-19T10:06:05.486+0800][gc,heap,coops] Heap address: 0x00000007e0000000, size: 512 MB, Compressed Oops mode: Zero based, Oop shift amount: 3
[2020-03-19T10:06:05.488+0800][gc,cds       ] Mark closed archive regions in map: [0x00000007fff00000, 0x00000007fff6fff8]
[2020-03-19T10:06:05.488+0800][gc,cds       ] Mark open archive regions in map: [0x00000007ffe00000, 0x00000007ffe47ff8]
[2020-03-19T10:06:05.508+0800][gc           ] Periodic GC disabled
[2020-03-19T10:06:29.571+0800][gc,start     ] GC(0) Pause Young (Normal) (G1 Evacuation Pause)
[2020-03-19T10:06:29.572+0800][gc,task      ] GC(0) Using 4 workers of 4 for evacuation
[2020-03-19T10:06:29.592+0800][gc,mmu       ] GC(0) MMU target violated: 20.1ms (20.0ms/21.0ms)
[2020-03-19T10:06:29.593+0800][gc,phases    ] GC(0)   Pre Evacuate Collection Set: 0.4ms
[2020-03-19T10:06:29.593+0800][gc,phases    ] GC(0)   Evacuate Collection Set: 18.2ms
[2020-03-19T10:06:29.593+0800][gc,phases    ] GC(0)   Post Evacuate Collection Set: 1.4ms
[2020-03-19T10:06:29.593+0800][gc,phases    ] GC(0)   Other: 1.1ms
[2020-03-19T10:06:29.593+0800][gc,heap      ] GC(0) Eden regions: 25->0(21)
[2020-03-19T10:06:29.593+0800][gc,heap      ] GC(0) Survivor regions: 0->4(4)
[2020-03-19T10:06:29.593+0800][gc,heap      ] GC(0) Old regions: 0->2
[2020-03-19T10:06:29.593+0800][gc,heap      ] GC(0) Archive regions: 2->2
[2020-03-19T10:06:29.593+0800][gc,heap      ] GC(0) Humongous regions: 0->0
[2020-03-19T10:06:29.593+0800][gc,metaspace ] GC(0) Metaspace: 7346K->7346K(1056768K)
[2020-03-19T10:06:29.593+0800][gc           ] GC(0) Pause Young (Normal) (G1 Evacuation Pause) 25M->5M(512M) 21.243ms
[2020-03-19T10:06:29.593+0800][gc,cpu       ] GC(0) User=0.02s Sys=0.02s Real=0.02s
[2020-03-19T11:21:26.176+0800][gc,heap,exit ] Heap
[2020-03-19T11:21:26.177+0800][gc,heap,exit ]  garbage-first heap   total 524288K, used 17260K [0x00000007e0000000, 0x0000000800000000)
[2020-03-19T11:21:26.178+0800][gc,heap,exit ]   region size 1024K, 16 young (16384K), 4 survivors (4096K)
[2020-03-19T11:21:26.178+0800][gc,heap,exit ]  Metaspace       used 7960K, capacity 8192K, committed 8448K, reserved 1056768K
[2020-03-19T11:21:26.178+0800][gc,heap,exit ]   class space    used 857K, capacity 943K, committed 1024K, reserved 1048576K
